package main

const c = "c" // want "order"
// want "order"

var v = "v" // want "order"
// want "order"
