package main

// Hello func for hello user // want "incorrect declaration order"
// without params
func Hello() {

}

// Hello2 func for hello user // want "incorrect declaration order"
// without params
func Hello2() {

}

func main() { // want "incorrect declaration order"
}
