package main

var d = "d" // want "order"
// want "order"

type e struct{}
