package main

import "fmt"

const name = "Vova" // want "formatter_order"

var helloText = "hello" // want "formatter_order"

func main() {
	fmt.Println(helloText, name)
}
