package main

// v - v // want "formatter_order"
var v = "v"

// v2 - v2 // want "formatter_order"
var (
	v2 = "v2"
)

func main() { // want "formatter_order"
}
