package main

// s - s // want "incorrect declaration order"
type s struct {
}

// s2 - s2 // want "incorrect declaration order"
type (
	s2 struct {
	}
)

func f() { // want "incorrect declaration order"
}
