package main

var v1 = "v1" // want "formatter_order"

var v2 = "v2" // want "formatter_order"

type e struct{} // want "formatter_order"

// want "formatter_order"
