package a

func WithCarColor(color string) {} // want "rename func"
