package main

var (
	a = "a" // want "grouped vars"
	b = "b"
)
