package main

var k = "k"

var (
	l = "l" // want "grouped vars"
	m = "m"
)
