package main

var ( // want "incorrect declaration order"
	a = "a"
)

func main() { // want "incorrect declaration order"
}
