package a

func WithCarColor(color string) {}

func main() {}
