package main

var d = "d" // want "formatter_order"

type e struct{}
