package a

func argumentsForm(a int, b int, c int) { // want "arguments form"

}
