package main

import (
	"fmt"
)

var (
	v1 = "v1"
)

const (
	c1 = "c1"
)

const (
	c3 = "c3"
	c4 = "c4"
)

const (
	c5 = "c5"

	c6 = "c6"
)

func main() {
	fmt.Println()
}
