package main

const c = "c"

var v = "v"

func a() {
}
