package a

func main(ctx context.Context, a int) {}
