package main

// c2 - 2 // want "formatter_order"

const c2 = "2"

// v2 - 2 // want "formatter_order"

var v2 = "2"
