package main

// c - c

// c2 - c2
// c3 - c3

const c = "c"
