package main

// v - v // want "formatter_order"

// v2 - v2
// v3 - v3

var v = "v"

func main() { // want "formatter_order"
}
